[19:11:41.506Z] {"evt": "START", "qos": 2, "interval_s": 10, "duration_s": 25, "hostname": "iotc-631aa800-6992-4b08-a899-bfa301046377.azure-devices.net", "device_id": "python-vm-01", "api_version": "2021-04-12", "tls": "TLSv1_2:8883"}
[19:11:41.959Z] {"evt": "PACKET", "dir": "SEND", "type": "CONNECT", "mid": null}
[19:11:41.960Z] {"evt": "PACKET", "dir": "SEND", "type": "PUBLISH", "mid": 1}
[19:11:41.960Z] {"evt": "PUBLISH", "seq": 1, "bytes": 60, "topic": "devices/python-vm-01/messages/events/", "qos": 2, "rc": "0"}
[19:11:41.960Z] {"evt": "PACKET", "dir": "SEND", "type": "PUBLISH", "mid": 2}
[19:11:42.092Z] {"evt": "PACKET", "dir": "RECV", "type": "CONNACK", "mid": null}
[19:11:42.092Z] {"evt": "CONNACK", "n": 1, "rc": "Success", "session_present": "ConnectFlags(session_present=True)"}
[19:11:42.092Z] {"evt": "PACKET", "dir": "SEND", "type": "SUBSCRIBE", "mid": 3}
[19:11:42.092Z] {"evt": "PACKET", "dir": "SEND", "type": "SUBSCRIBE", "mid": 4}
[19:11:42.092Z] {"evt": "PACKET", "dir": "SEND", "type": "SUBSCRIBE", "mid": 5}
[19:11:42.092Z] {"evt": "PACKET", "dir": "SEND", "type": "SUBSCRIBE", "mid": 6}
[19:11:42.092Z] {"evt": "PACKET", "dir": "SEND", "type": "PUBLISH", "mid": 7}
[19:11:42.314Z] {"evt": "PACKET", "dir": "RECV", "type": "PUBACK", "mid": 1}
[19:11:42.314Z] {"evt": "PUBACK", "mid": 1, "seq": 1, "rtt_ms": 354.5, "rc": "Success", "qos_eff": 2}
[19:11:42.382Z] {"evt": "PACKET", "dir": "RECV", "type": "PUBLISH", "mid": 0}
[19:11:42.382Z] {"evt": "MSG", "topic": "$iothub/twin/res/204/?$rid=3&$version=13", "bytes": 0, "ts": "19:11:42.382Z", "note": "respuesta GET gemelo (res/<status>/?$rid=init1)"}
[19:11:42.397Z] {"evt": "PACKET", "dir": "RECV", "type": "SUBACK", "mid": null}
[19:11:42.397Z] {"evt": "SUBACK", "mid": 3, "granted": "[ReasonCode(Suback, 'Granted QoS 1')]"}
[19:11:42.397Z] {"evt": "PACKET", "dir": "RECV", "type": "SUBACK", "mid": null}
[19:11:42.397Z] {"evt": "SUBACK", "mid": 4, "granted": "[ReasonCode(Suback, 'Granted QoS 1')]"}
[19:11:42.397Z] {"evt": "PACKET", "dir": "RECV", "type": "SUBACK", "mid": null}
[19:11:42.397Z] {"evt": "SUBACK", "mid": 5, "granted": "[ReasonCode(Suback, 'Granted QoS 1')]"}
[19:11:42.397Z] {"evt": "PACKET", "dir": "RECV", "type": "SUBACK", "mid": null}
[19:11:42.398Z] {"evt": "SUBACK", "mid": 6, "granted": "[ReasonCode(Suback, 'Granted QoS 1')]"}
[19:11:42.398Z] {"evt": "PACKET", "dir": "RECV", "type": "PUBLISH", "mid": 0}
[19:11:42.398Z] {"evt": "MSG", "topic": "$iothub/twin/res/200/?$rid=1", "bytes": 278, "ts": "19:11:42.398Z", "json": {"desired": {"$version": 2, "tempHighThreshold": 27}, "reported": {"$version": 13, "Estado_semaforo_LED": "Amarillo", "ID_salon": "A-301", "firmwareVersion": "1.0.0-python-vm", "ipAddress": "172.16.0.4", "tempHighThreshold": {"ac": 200, "ad": "actualizado por el nodo Python", "av": 2, "value": 27.0}}}, "note": "respuesta GET gemelo (res/<status>/?$rid=init1)"}
[19:11:51.966Z] {"evt": "PACKET", "dir": "SEND", "type": "PUBLISH", "mid": 8}
[19:11:51.966Z] {"evt": "PUBLISH", "seq": 2, "bytes": 60, "topic": "devices/python-vm-01/messages/events/", "qos": 2, "rc": "0"}
[19:11:52.186Z] {"evt": "PACKET", "dir": "RECV", "type": "PUBACK", "mid": 8}
[19:11:52.186Z] {"evt": "PUBACK", "mid": 8, "seq": 2, "rtt_ms": 219.8, "rc": "Success", "qos_eff": 2}
[19:12:01.973Z] {"evt": "PACKET", "dir": "SEND", "type": "PUBLISH", "mid": 9}
[19:12:01.973Z] {"evt": "PUBLISH", "seq": 3, "bytes": 60, "topic": "devices/python-vm-01/messages/events/", "qos": 2, "rc": "0"}
[19:12:02.218Z] {"evt": "PACKET", "dir": "RECV", "type": "PUBACK", "mid": 9}
[19:12:02.218Z] {"evt": "PUBACK", "mid": 9, "seq": 3, "rtt_ms": 245.8, "rc": "Success", "qos_eff": 2}
[19:12:15.232Z] {"evt": "PACKET", "dir": "SEND", "type": "DISCONNECT", "mid": null}
[19:12:15.233Z] {"evt": "DISCONNECT", "rc": "Normal disconnection", "flags": "DisconnectFlags(is_disconnect_packet_from_server=False)"}
[19:12:15.733Z] {"evt": "SUMMARY", "qos": 2, "publicados": 3, "acks": 3, "conexiones": 1, "rtt_ms_avg": 273.4, "rtt_ms_min": 219.8, "rtt_ms_max": 354.5, "mensajes_recibidos": 2, "tabla": [{"seq": 1, "bytes": 60, "t_pub": "19:11:41.960Z", "t_ack": "19:11:42.314Z", "rtt_ms": 354.5, "qos": 2, "gap_vs_cfg_s": null}, {"seq": 2, "bytes": 60, "t_pub": "19:11:51.966Z", "t_ack": "19:11:52.186Z", "rtt_ms": 219.8, "qos": 2, "gap_vs_cfg_s": null}, {"seq": 3, "bytes": 60, "t_pub": "19:12:01.973Z", "t_ack": "19:12:02.218Z", "rtt_ms": 245.8, "qos": 2, "gap_vs_cfg_s": null}]}
