[21:27:13.997Z] {"evt": "START", "qos": 1, "interval_s": 10, "duration_s": 900, "hostname": "iotc-47a415d3-3f15-4cf1-918c-4be1461915f3.azure-devices.net", "device_id": "23z8rpgm6s4", "api_version": "2021-04-12", "tls": "TLSv1_2:8883"}
[21:27:14.409Z] {"evt": "PUBLISH", "seq": 1, "bytes": 60, "topic": "devices/23z8rpgm6s4/messages/events/", "qos": 1, "rc": "0"}
[21:27:14.528Z] {"evt": "CONNACK", "n": 1, "rc": "Success", "session_present": "ConnectFlags(session_present=True)"}
[21:27:14.735Z] {"evt": "PUBACK", "mid": 1, "seq": 1, "rtt_ms": 326.5, "rc": "Success", "qos_eff": 1}
[21:27:14.765Z] {"evt": "MSG", "topic": "$iothub/twin/res/204/?$rid=3&$version=44483", "bytes": 0, "ts": "21:27:14.765Z", "note": "respuesta GET gemelo (res/<status>/?$rid=init1)"}
[21:27:14.809Z] {"evt": "SUBACK", "mid": 3, "granted": "[ReasonCode(Suback, 'Granted QoS 1')]"}
[21:27:14.809Z] {"evt": "SUBACK", "mid": 4, "granted": "[ReasonCode(Suback, 'Granted QoS 1')]"}
[21:27:14.809Z] {"evt": "SUBACK", "mid": 5, "granted": "[ReasonCode(Suback, 'Granted QoS 1')]"}
[21:27:14.810Z] {"evt": "SUBACK", "mid": 6, "granted": "[ReasonCode(Suback, 'Granted QoS 1')]"}
[21:27:14.810Z] {"evt": "MSG", "topic": "$iothub/twin/res/200/?$rid=1", "bytes": 190, "ts": "21:27:14.810Z", "json": {"desired": {"$version": 1}, "reported": {"$version": 44483, "Estado_semaforo_LED": "Amarillo", "ID_salon": "A-301", "Set_temp_hvac": 22.0, "firmwareVersion": "1.0.0-python-vm", "ipAddress": "172.16.0.4"}}, "note": "respuesta GET gemelo (res/<status>/?$rid=init1)"}
[21:27:24.415Z] {"evt": "PUBLISH", "seq": 2, "bytes": 60, "topic": "devices/23z8rpgm6s4/messages/events/", "qos": 1, "rc": "0"}
[21:27:24.620Z] {"evt": "PUBACK", "mid": 8, "seq": 2, "rtt_ms": 205.2, "rc": "Success", "qos_eff": 1}
[21:27:34.421Z] {"evt": "PUBLISH", "seq": 3, "bytes": 60, "topic": "devices/23z8rpgm6s4/messages/events/", "qos": 1, "rc": "0"}
[21:27:34.628Z] {"evt": "PUBACK", "mid": 9, "seq": 3, "rtt_ms": 207.6, "rc": "Success", "qos_eff": 1}
[21:27:44.426Z] {"evt": "PUBLISH", "seq": 4, "bytes": 60, "topic": "devices/23z8rpgm6s4/messages/events/", "qos": 1, "rc": "0"}
[21:27:44.647Z] {"evt": "PUBACK", "mid": 10, "seq": 4, "rtt_ms": 220.6, "rc": "Success", "qos_eff": 1}
[21:27:54.432Z] {"evt": "PUBLISH", "seq": 5, "bytes": 60, "topic": "devices/23z8rpgm6s4/messages/events/", "qos": 1, "rc": "0"}
[21:27:54.657Z] {"evt": "PUBACK", "mid": 11, "seq": 5, "rtt_ms": 225.2, "rc": "Success", "qos_eff": 1}
[21:28:04.439Z] {"evt": "PUBLISH", "seq": 6, "bytes": 60, "topic": "devices/23z8rpgm6s4/messages/events/", "qos": 1, "rc": "0"}
[21:28:04.650Z] {"evt": "PUBACK", "mid": 12, "seq": 6, "rtt_ms": 211.8, "rc": "Success", "qos_eff": 1}
[21:28:14.445Z] {"evt": "PUBLISH", "seq": 7, "bytes": 60, "topic": "devices/23z8rpgm6s4/messages/events/", "qos": 1, "rc": "0"}
[21:28:14.662Z] {"evt": "PUBACK", "mid": 13, "seq": 7, "rtt_ms": 216.6, "rc": "Success", "qos_eff": 1}
[21:28:24.451Z] {"evt": "PUBLISH", "seq": 8, "bytes": 60, "topic": "devices/23z8rpgm6s4/messages/events/", "qos": 1, "rc": "0"}
[21:28:24.667Z] {"evt": "PUBACK", "mid": 14, "seq": 8, "rtt_ms": 215.6, "rc": "Success", "qos_eff": 1}
[21:28:34.457Z] {"evt": "PUBLISH", "seq": 9, "bytes": 60, "topic": "devices/23z8rpgm6s4/messages/events/", "qos": 1, "rc": "0"}
[21:28:34.679Z] {"evt": "PUBACK", "mid": 15, "seq": 9, "rtt_ms": 221.8, "rc": "Success", "qos_eff": 1}
[21:28:44.464Z] {"evt": "PUBLISH", "seq": 10, "bytes": 60, "topic": "devices/23z8rpgm6s4/messages/events/", "qos": 1, "rc": "0"}
[21:28:44.679Z] {"evt": "PUBACK", "mid": 16, "seq": 10, "rtt_ms": 215.2, "rc": "Success", "qos_eff": 1}
[21:28:54.470Z] {"evt": "PUBLISH", "seq": 11, "bytes": 60, "topic": "devices/23z8rpgm6s4/messages/events/", "qos": 1, "rc": "0"}
[21:28:54.681Z] {"evt": "PUBACK", "mid": 17, "seq": 11, "rtt_ms": 211.8, "rc": "Success", "qos_eff": 1}
[21:29:04.476Z] {"evt": "PUBLISH", "seq": 12, "bytes": 60, "topic": "devices/23z8rpgm6s4/messages/events/", "qos": 1, "rc": "0"}
[21:29:04.687Z] {"evt": "PUBACK", "mid": 18, "seq": 12, "rtt_ms": 211.8, "rc": "Success", "qos_eff": 1}
[21:29:14.482Z] {"evt": "PUBLISH", "seq": 13, "bytes": 60, "topic": "devices/23z8rpgm6s4/messages/events/", "qos": 1, "rc": "0"}
[21:29:14.692Z] {"evt": "PUBACK", "mid": 19, "seq": 13, "rtt_ms": 210.7, "rc": "Success", "qos_eff": 1}
[21:29:24.487Z] {"evt": "PUBLISH", "seq": 14, "bytes": 60, "topic": "devices/23z8rpgm6s4/messages/events/", "qos": 1, "rc": "0"}
[21:29:24.692Z] {"evt": "PUBACK", "mid": 20, "seq": 14, "rtt_ms": 205.1, "rc": "Success", "qos_eff": 1}
[21:29:34.494Z] {"evt": "PUBLISH", "seq": 15, "bytes": 60, "topic": "devices/23z8rpgm6s4/messages/events/", "qos": 1, "rc": "0"}
[21:29:34.709Z] {"evt": "PUBACK", "mid": 21, "seq": 15, "rtt_ms": 215.9, "rc": "Success", "qos_eff": 1}
[21:29:44.499Z] {"evt": "PUBLISH", "seq": 16, "bytes": 60, "topic": "devices/23z8rpgm6s4/messages/events/", "qos": 1, "rc": "0"}
[21:29:44.723Z] {"evt": "PUBACK", "mid": 22, "seq": 16, "rtt_ms": 223.5, "rc": "Success", "qos_eff": 1}
[21:29:54.505Z] {"evt": "PUBLISH", "seq": 17, "bytes": 60, "topic": "devices/23z8rpgm6s4/messages/events/", "qos": 1, "rc": "0"}
[21:29:54.722Z] {"evt": "PUBACK", "mid": 23, "seq": 17, "rtt_ms": 216.9, "rc": "Success", "qos_eff": 1}
[21:30:04.512Z] {"evt": "PUBLISH", "seq": 18, "bytes": 60, "topic": "devices/23z8rpgm6s4/messages/events/", "qos": 1, "rc": "0"}
[21:30:04.731Z] {"evt": "PUBACK", "mid": 24, "seq": 18, "rtt_ms": 220.0, "rc": "Success", "qos_eff": 1}
[21:30:14.518Z] {"evt": "PUBLISH", "seq": 19, "bytes": 60, "topic": "devices/23z8rpgm6s4/messages/events/", "qos": 1, "rc": "0"}
[21:30:14.733Z] {"evt": "PUBACK", "mid": 25, "seq": 19, "rtt_ms": 215.1, "rc": "Success", "qos_eff": 1}
[21:30:24.524Z] {"evt": "PUBLISH", "seq": 20, "bytes": 60, "topic": "devices/23z8rpgm6s4/messages/events/", "qos": 1, "rc": "0"}
[21:30:24.740Z] {"evt": "PUBACK", "mid": 26, "seq": 20, "rtt_ms": 215.8, "rc": "Success", "qos_eff": 1}
[21:30:34.530Z] {"evt": "PUBLISH", "seq": 21, "bytes": 60, "topic": "devices/23z8rpgm6s4/messages/events/", "qos": 1, "rc": "0"}
[21:30:34.749Z] {"evt": "PUBACK", "mid": 27, "seq": 21, "rtt_ms": 219.6, "rc": "Success", "qos_eff": 1}
[21:30:44.536Z] {"evt": "PUBLISH", "seq": 22, "bytes": 60, "topic": "devices/23z8rpgm6s4/messages/events/", "qos": 1, "rc": "0"}
[21:30:44.754Z] {"evt": "PUBACK", "mid": 28, "seq": 22, "rtt_ms": 218.2, "rc": "Success", "qos_eff": 1}
[21:30:54.542Z] {"evt": "PUBLISH", "seq": 23, "bytes": 60, "topic": "devices/23z8rpgm6s4/messages/events/", "qos": 1, "rc": "0"}
[21:30:54.758Z] {"evt": "PUBACK", "mid": 29, "seq": 23, "rtt_ms": 215.8, "rc": "Success", "qos_eff": 1}
[21:31:04.548Z] {"evt": "PUBLISH", "seq": 24, "bytes": 60, "topic": "devices/23z8rpgm6s4/messages/events/", "qos": 1, "rc": "0"}
[21:31:04.769Z] {"evt": "PUBACK", "mid": 30, "seq": 24, "rtt_ms": 220.5, "rc": "Success", "qos_eff": 1}
[21:31:14.554Z] {"evt": "PUBLISH", "seq": 25, "bytes": 60, "topic": "devices/23z8rpgm6s4/messages/events/", "qos": 1, "rc": "0"}
[21:31:14.769Z] {"evt": "PUBACK", "mid": 31, "seq": 25, "rtt_ms": 214.4, "rc": "Success", "qos_eff": 1}
[21:31:24.560Z] {"evt": "PUBLISH", "seq": 26, "bytes": 60, "topic": "devices/23z8rpgm6s4/messages/events/", "qos": 1, "rc": "0"}
[21:31:24.774Z] {"evt": "PUBACK", "mid": 32, "seq": 26, "rtt_ms": 214.0, "rc": "Success", "qos_eff": 1}
[21:31:34.566Z] {"evt": "PUBLISH", "seq": 27, "bytes": 60, "topic": "devices/23z8rpgm6s4/messages/events/", "qos": 1, "rc": "0"}
[21:31:34.778Z] {"evt": "PUBACK", "mid": 33, "seq": 27, "rtt_ms": 212.0, "rc": "Success", "qos_eff": 1}
[21:31:44.572Z] {"evt": "PUBLISH", "seq": 28, "bytes": 60, "topic": "devices/23z8rpgm6s4/messages/events/", "qos": 1, "rc": "0"}
[21:31:44.780Z] {"evt": "PUBACK", "mid": 34, "seq": 28, "rtt_ms": 207.6, "rc": "Success", "qos_eff": 1}
[21:31:54.578Z] {"evt": "PUBLISH", "seq": 29, "bytes": 60, "topic": "devices/23z8rpgm6s4/messages/events/", "qos": 1, "rc": "0"}
[21:31:54.798Z] {"evt": "PUBACK", "mid": 35, "seq": 29, "rtt_ms": 220.0, "rc": "Success", "qos_eff": 1}
[21:32:04.585Z] {"evt": "PUBLISH", "seq": 30, "bytes": 60, "topic": "devices/23z8rpgm6s4/messages/events/", "qos": 1, "rc": "0"}
[21:32:04.792Z] {"evt": "PUBACK", "mid": 36, "seq": 30, "rtt_ms": 208.1, "rc": "Success", "qos_eff": 1}
[21:32:14.591Z] {"evt": "PUBLISH", "seq": 31, "bytes": 60, "topic": "devices/23z8rpgm6s4/messages/events/", "qos": 1, "rc": "0"}
[21:32:14.810Z] {"evt": "PUBACK", "mid": 37, "seq": 31, "rtt_ms": 219.2, "rc": "Success", "qos_eff": 1}
[21:32:24.597Z] {"evt": "PUBLISH", "seq": 32, "bytes": 60, "topic": "devices/23z8rpgm6s4/messages/events/", "qos": 1, "rc": "0"}
[21:32:24.816Z] {"evt": "PUBACK", "mid": 38, "seq": 32, "rtt_ms": 219.8, "rc": "Success", "qos_eff": 1}
[21:32:34.603Z] {"evt": "PUBLISH", "seq": 33, "bytes": 60, "topic": "devices/23z8rpgm6s4/messages/events/", "qos": 1, "rc": "0"}
[21:32:34.818Z] {"evt": "PUBACK", "mid": 39, "seq": 33, "rtt_ms": 215.3, "rc": "Success", "qos_eff": 1}
[21:32:44.609Z] {"evt": "PUBLISH", "seq": 34, "bytes": 60, "topic": "devices/23z8rpgm6s4/messages/events/", "qos": 1, "rc": "0"}
[21:32:44.828Z] {"evt": "PUBACK", "mid": 40, "seq": 34, "rtt_ms": 218.8, "rc": "Success", "qos_eff": 1}
[21:32:54.615Z] {"evt": "PUBLISH", "seq": 35, "bytes": 60, "topic": "devices/23z8rpgm6s4/messages/events/", "qos": 1, "rc": "0"}
[21:32:54.828Z] {"evt": "PUBACK", "mid": 41, "seq": 35, "rtt_ms": 212.9, "rc": "Success", "qos_eff": 1}
[21:33:04.621Z] {"evt": "PUBLISH", "seq": 36, "bytes": 60, "topic": "devices/23z8rpgm6s4/messages/events/", "qos": 1, "rc": "0"}
[21:33:04.838Z] {"evt": "PUBACK", "mid": 42, "seq": 36, "rtt_ms": 216.7, "rc": "Success", "qos_eff": 1}
[21:33:14.627Z] {"evt": "PUBLISH", "seq": 37, "bytes": 60, "topic": "devices/23z8rpgm6s4/messages/events/", "qos": 1, "rc": "0"}
[21:33:14.830Z] {"evt": "PUBACK", "mid": 43, "seq": 37, "rtt_ms": 202.8, "rc": "Success", "qos_eff": 1}
[21:33:24.633Z] {"evt": "PUBLISH", "seq": 38, "bytes": 60, "topic": "devices/23z8rpgm6s4/messages/events/", "qos": 1, "rc": "0"}
[21:33:24.847Z] {"evt": "PUBACK", "mid": 44, "seq": 38, "rtt_ms": 214.1, "rc": "Success", "qos_eff": 1}
[21:33:34.639Z] {"evt": "PUBLISH", "seq": 39, "bytes": 60, "topic": "devices/23z8rpgm6s4/messages/events/", "qos": 1, "rc": "0"}
[21:33:34.852Z] {"evt": "PUBACK", "mid": 45, "seq": 39, "rtt_ms": 213.0, "rc": "Success", "qos_eff": 1}
[21:33:44.645Z] {"evt": "PUBLISH", "seq": 40, "bytes": 60, "topic": "devices/23z8rpgm6s4/messages/events/", "qos": 1, "rc": "0"}
[21:33:44.855Z] {"evt": "PUBACK", "mid": 46, "seq": 40, "rtt_ms": 209.9, "rc": "Success", "qos_eff": 1}
[21:33:54.651Z] {"evt": "PUBLISH", "seq": 41, "bytes": 60, "topic": "devices/23z8rpgm6s4/messages/events/", "qos": 1, "rc": "0"}
[21:33:54.870Z] {"evt": "PUBACK", "mid": 47, "seq": 41, "rtt_ms": 218.8, "rc": "Success", "qos_eff": 1}
[21:34:04.657Z] {"evt": "PUBLISH", "seq": 42, "bytes": 60, "topic": "devices/23z8rpgm6s4/messages/events/", "qos": 1, "rc": "0"}
[21:34:04.876Z] {"evt": "PUBACK", "mid": 48, "seq": 42, "rtt_ms": 218.7, "rc": "Success", "qos_eff": 1}
[21:34:14.663Z] {"evt": "PUBLISH", "seq": 43, "bytes": 60, "topic": "devices/23z8rpgm6s4/messages/events/", "qos": 1, "rc": "0"}
[21:34:14.873Z] {"evt": "PUBACK", "mid": 49, "seq": 43, "rtt_ms": 209.9, "rc": "Success", "qos_eff": 1}
[21:34:18.250Z] {"evt": "MSG", "topic": "$iothub/methods/POST/force_reading/?$rid=1", "bytes": 4, "ts": "21:34:18.250Z", "json": null, "note": "metodo force_reading -> response 200/$rid=1"}
[21:34:23.518Z] {"evt": "MSG", "topic": "$iothub/methods/POST/force_reading/?$rid=2", "bytes": 4, "ts": "21:34:23.518Z", "json": null, "note": "metodo force_reading -> response 200/$rid=2"}
[21:34:24.669Z] {"evt": "PUBLISH", "seq": 44, "bytes": 60, "topic": "devices/23z8rpgm6s4/messages/events/", "qos": 1, "rc": "0"}
[21:34:24.890Z] {"evt": "PUBACK", "mid": 52, "seq": 44, "rtt_ms": 221.0, "rc": "Success", "qos_eff": 1}
[21:34:34.675Z] {"evt": "PUBLISH", "seq": 45, "bytes": 60, "topic": "devices/23z8rpgm6s4/messages/events/", "qos": 1, "rc": "0"}
[21:34:34.936Z] {"evt": "PUBACK", "mid": 53, "seq": 45, "rtt_ms": 261.2, "rc": "Success", "qos_eff": 1}
[21:34:44.681Z] {"evt": "PUBLISH", "seq": 46, "bytes": 60, "topic": "devices/23z8rpgm6s4/messages/events/", "qos": 1, "rc": "0"}
[21:34:44.893Z] {"evt": "PUBACK", "mid": 54, "seq": 46, "rtt_ms": 212.1, "rc": "Success", "qos_eff": 1}
[21:34:54.688Z] {"evt": "PUBLISH", "seq": 47, "bytes": 60, "topic": "devices/23z8rpgm6s4/messages/events/", "qos": 1, "rc": "0"}
[21:34:54.909Z] {"evt": "PUBACK", "mid": 55, "seq": 47, "rtt_ms": 221.3, "rc": "Success", "qos_eff": 1}
[21:35:04.694Z] {"evt": "PUBLISH", "seq": 48, "bytes": 60, "topic": "devices/23z8rpgm6s4/messages/events/", "qos": 1, "rc": "0"}
[21:35:04.908Z] {"evt": "PUBACK", "mid": 56, "seq": 48, "rtt_ms": 214.6, "rc": "Success", "qos_eff": 1}
[21:35:14.700Z] {"evt": "PUBLISH", "seq": 49, "bytes": 60, "topic": "devices/23z8rpgm6s4/messages/events/", "qos": 1, "rc": "0"}
[21:35:14.913Z] {"evt": "PUBACK", "mid": 57, "seq": 49, "rtt_ms": 213.1, "rc": "Success", "qos_eff": 1}
[21:35:24.707Z] {"evt": "PUBLISH", "seq": 50, "bytes": 60, "topic": "devices/23z8rpgm6s4/messages/events/", "qos": 1, "rc": "0"}
[21:35:24.915Z] {"evt": "PUBACK", "mid": 58, "seq": 50, "rtt_ms": 208.3, "rc": "Success", "qos_eff": 1}
[21:35:34.713Z] {"evt": "PUBLISH", "seq": 51, "bytes": 60, "topic": "devices/23z8rpgm6s4/messages/events/", "qos": 1, "rc": "0"}
[21:35:34.929Z] {"evt": "PUBACK", "mid": 59, "seq": 51, "rtt_ms": 215.8, "rc": "Success", "qos_eff": 1}
[21:35:44.719Z] {"evt": "PUBLISH", "seq": 52, "bytes": 60, "topic": "devices/23z8rpgm6s4/messages/events/", "qos": 1, "rc": "0"}
[21:35:44.929Z] {"evt": "PUBACK", "mid": 60, "seq": 52, "rtt_ms": 210.2, "rc": "Success", "qos_eff": 1}
[21:35:54.725Z] {"evt": "PUBLISH", "seq": 53, "bytes": 60, "topic": "devices/23z8rpgm6s4/messages/events/", "qos": 1, "rc": "0"}
[21:35:54.939Z] {"evt": "PUBACK", "mid": 61, "seq": 53, "rtt_ms": 213.4, "rc": "Success", "qos_eff": 1}
[21:36:04.731Z] {"evt": "PUBLISH", "seq": 54, "bytes": 60, "topic": "devices/23z8rpgm6s4/messages/events/", "qos": 1, "rc": "0"}
[21:36:04.944Z] {"evt": "PUBACK", "mid": 62, "seq": 54, "rtt_ms": 212.6, "rc": "Success", "qos_eff": 1}
[21:36:14.738Z] {"evt": "PUBLISH", "seq": 55, "bytes": 60, "topic": "devices/23z8rpgm6s4/messages/events/", "qos": 1, "rc": "0"}
[21:36:14.942Z] {"evt": "PUBACK", "mid": 63, "seq": 55, "rtt_ms": 204.8, "rc": "Success", "qos_eff": 1}
[21:36:24.744Z] {"evt": "PUBLISH", "seq": 56, "bytes": 60, "topic": "devices/23z8rpgm6s4/messages/events/", "qos": 1, "rc": "0"}
[21:36:24.958Z] {"evt": "PUBACK", "mid": 64, "seq": 56, "rtt_ms": 214.3, "rc": "Success", "qos_eff": 1}
[21:36:34.749Z] {"evt": "PUBLISH", "seq": 57, "bytes": 60, "topic": "devices/23z8rpgm6s4/messages/events/", "qos": 1, "rc": "0"}
[21:36:34.955Z] {"evt": "PUBACK", "mid": 65, "seq": 57, "rtt_ms": 205.9, "rc": "Success", "qos_eff": 1}
[21:36:44.755Z] {"evt": "PUBLISH", "seq": 58, "bytes": 60, "topic": "devices/23z8rpgm6s4/messages/events/", "qos": 1, "rc": "0"}
[21:36:44.971Z] {"evt": "PUBACK", "mid": 66, "seq": 58, "rtt_ms": 216.1, "rc": "Success", "qos_eff": 1}
[21:36:54.762Z] {"evt": "PUBLISH", "seq": 59, "bytes": 60, "topic": "devices/23z8rpgm6s4/messages/events/", "qos": 1, "rc": "0"}
[21:36:54.975Z] {"evt": "PUBACK", "mid": 67, "seq": 59, "rtt_ms": 213.4, "rc": "Success", "qos_eff": 1}
[21:37:04.768Z] {"evt": "PUBLISH", "seq": 60, "bytes": 60, "topic": "devices/23z8rpgm6s4/messages/events/", "qos": 1, "rc": "0"}
[21:37:04.975Z] {"evt": "PUBACK", "mid": 68, "seq": 60, "rtt_ms": 207.0, "rc": "Success", "qos_eff": 1}
[21:37:14.774Z] {"evt": "PUBLISH", "seq": 61, "bytes": 60, "topic": "devices/23z8rpgm6s4/messages/events/", "qos": 1, "rc": "0"}
[21:37:14.980Z] {"evt": "PUBACK", "mid": 69, "seq": 61, "rtt_ms": 206.3, "rc": "Success", "qos_eff": 1}
[21:37:24.781Z] {"evt": "PUBLISH", "seq": 62, "bytes": 60, "topic": "devices/23z8rpgm6s4/messages/events/", "qos": 1, "rc": "0"}
[21:37:24.995Z] {"evt": "PUBACK", "mid": 70, "seq": 62, "rtt_ms": 214.4, "rc": "Success", "qos_eff": 1}
[21:37:34.787Z] {"evt": "PUBLISH", "seq": 63, "bytes": 60, "topic": "devices/23z8rpgm6s4/messages/events/", "qos": 1, "rc": "0"}
[21:37:35.002Z] {"evt": "PUBACK", "mid": 71, "seq": 63, "rtt_ms": 214.6, "rc": "Success", "qos_eff": 1}
[21:37:41.740Z] {"evt": "MSG", "topic": "$iothub/methods/POST/force_reading/?$rid=3", "bytes": 4, "ts": "21:37:41.740Z", "json": null, "note": "metodo force_reading -> response 200/$rid=3"}
[21:37:44.793Z] {"evt": "PUBLISH", "seq": 64, "bytes": 60, "topic": "devices/23z8rpgm6s4/messages/events/", "qos": 1, "rc": "0"}
[21:37:45.075Z] {"evt": "PUBACK", "mid": 73, "seq": 64, "rtt_ms": 282.1, "rc": "Success", "qos_eff": 1}
[21:37:54.800Z] {"evt": "PUBLISH", "seq": 65, "bytes": 60, "topic": "devices/23z8rpgm6s4/messages/events/", "qos": 1, "rc": "0"}
[21:37:55.012Z] {"evt": "PUBACK", "mid": 74, "seq": 65, "rtt_ms": 212.4, "rc": "Success", "qos_eff": 1}
[21:38:04.806Z] {"evt": "PUBLISH", "seq": 66, "bytes": 60, "topic": "devices/23z8rpgm6s4/messages/events/", "qos": 1, "rc": "0"}
[21:38:05.038Z] {"evt": "PUBACK", "mid": 75, "seq": 66, "rtt_ms": 232.1, "rc": "Success", "qos_eff": 1}
[21:38:14.812Z] {"evt": "PUBLISH", "seq": 67, "bytes": 60, "topic": "devices/23z8rpgm6s4/messages/events/", "qos": 1, "rc": "0"}
[21:38:15.029Z] {"evt": "PUBACK", "mid": 76, "seq": 67, "rtt_ms": 217.1, "rc": "Success", "qos_eff": 1}
[21:38:24.818Z] {"evt": "PUBLISH", "seq": 68, "bytes": 60, "topic": "devices/23z8rpgm6s4/messages/events/", "qos": 1, "rc": "0"}
[21:38:25.036Z] {"evt": "PUBACK", "mid": 77, "seq": 68, "rtt_ms": 217.9, "rc": "Success", "qos_eff": 1}
[21:38:34.824Z] {"evt": "PUBLISH", "seq": 69, "bytes": 60, "topic": "devices/23z8rpgm6s4/messages/events/", "qos": 1, "rc": "0"}
[21:38:35.046Z] {"evt": "PUBACK", "mid": 78, "seq": 69, "rtt_ms": 221.9, "rc": "Success", "qos_eff": 1}
[21:38:44.830Z] {"evt": "PUBLISH", "seq": 70, "bytes": 60, "topic": "devices/23z8rpgm6s4/messages/events/", "qos": 1, "rc": "0"}
[21:38:45.038Z] {"evt": "PUBACK", "mid": 79, "seq": 70, "rtt_ms": 207.8, "rc": "Success", "qos_eff": 1}
[21:38:54.836Z] {"evt": "PUBLISH", "seq": 71, "bytes": 60, "topic": "devices/23z8rpgm6s4/messages/events/", "qos": 1, "rc": "0"}
[21:38:55.048Z] {"evt": "PUBACK", "mid": 80, "seq": 71, "rtt_ms": 211.3, "rc": "Success", "qos_eff": 1}
[21:39:04.843Z] {"evt": "PUBLISH", "seq": 72, "bytes": 60, "topic": "devices/23z8rpgm6s4/messages/events/", "qos": 1, "rc": "0"}
[21:39:05.050Z] {"evt": "PUBACK", "mid": 81, "seq": 72, "rtt_ms": 207.6, "rc": "Success", "qos_eff": 1}
[21:39:14.849Z] {"evt": "PUBLISH", "seq": 73, "bytes": 60, "topic": "devices/23z8rpgm6s4/messages/events/", "qos": 1, "rc": "0"}
[21:39:15.056Z] {"evt": "PUBACK", "mid": 82, "seq": 73, "rtt_ms": 206.9, "rc": "Success", "qos_eff": 1}
[21:39:24.855Z] {"evt": "PUBLISH", "seq": 74, "bytes": 60, "topic": "devices/23z8rpgm6s4/messages/events/", "qos": 1, "rc": "0"}
[21:39:25.064Z] {"evt": "PUBACK", "mid": 83, "seq": 74, "rtt_ms": 208.9, "rc": "Success", "qos_eff": 1}
[21:39:34.862Z] {"evt": "PUBLISH", "seq": 75, "bytes": 60, "topic": "devices/23z8rpgm6s4/messages/events/", "qos": 1, "rc": "0"}
[21:39:35.076Z] {"evt": "PUBACK", "mid": 84, "seq": 75, "rtt_ms": 214.7, "rc": "Success", "qos_eff": 1}
[21:39:44.868Z] {"evt": "PUBLISH", "seq": 76, "bytes": 60, "topic": "devices/23z8rpgm6s4/messages/events/", "qos": 1, "rc": "0"}
[21:39:45.080Z] {"evt": "PUBACK", "mid": 85, "seq": 76, "rtt_ms": 211.9, "rc": "Success", "qos_eff": 1}
[21:39:54.874Z] {"evt": "PUBLISH", "seq": 77, "bytes": 60, "topic": "devices/23z8rpgm6s4/messages/events/", "qos": 1, "rc": "0"}
[21:39:55.086Z] {"evt": "PUBACK", "mid": 86, "seq": 77, "rtt_ms": 212.7, "rc": "Success", "qos_eff": 1}
[21:40:04.880Z] {"evt": "PUBLISH", "seq": 78, "bytes": 60, "topic": "devices/23z8rpgm6s4/messages/events/", "qos": 1, "rc": "0"}
[21:40:05.095Z] {"evt": "PUBACK", "mid": 87, "seq": 78, "rtt_ms": 214.9, "rc": "Success", "qos_eff": 1}
[21:40:14.886Z] {"evt": "PUBLISH", "seq": 79, "bytes": 60, "topic": "devices/23z8rpgm6s4/messages/events/", "qos": 1, "rc": "0"}
[21:40:15.097Z] {"evt": "PUBACK", "mid": 88, "seq": 79, "rtt_ms": 210.8, "rc": "Success", "qos_eff": 1}
[21:40:21.746Z] {"evt": "MSG", "topic": "$iothub/methods/POST/force_reading/?$rid=4", "bytes": 4, "ts": "21:40:21.745Z", "json": null, "note": "metodo force_reading -> response 200/$rid=4"}
[21:40:24.892Z] {"evt": "PUBLISH", "seq": 80, "bytes": 60, "topic": "devices/23z8rpgm6s4/messages/events/", "qos": 1, "rc": "0"}
[21:40:25.111Z] {"evt": "PUBACK", "mid": 90, "seq": 80, "rtt_ms": 219.6, "rc": "Success", "qos_eff": 1}
[21:40:34.898Z] {"evt": "PUBLISH", "seq": 81, "bytes": 60, "topic": "devices/23z8rpgm6s4/messages/events/", "qos": 1, "rc": "0"}
[21:40:35.116Z] {"evt": "PUBACK", "mid": 91, "seq": 81, "rtt_ms": 218.2, "rc": "Success", "qos_eff": 1}
[21:40:44.904Z] {"evt": "PUBLISH", "seq": 82, "bytes": 60, "topic": "devices/23z8rpgm6s4/messages/events/", "qos": 1, "rc": "0"}
[21:40:45.113Z] {"evt": "PUBACK", "mid": 92, "seq": 82, "rtt_ms": 209.3, "rc": "Success", "qos_eff": 1}
[21:40:54.910Z] {"evt": "PUBLISH", "seq": 83, "bytes": 60, "topic": "devices/23z8rpgm6s4/messages/events/", "qos": 1, "rc": "0"}
[21:40:55.123Z] {"evt": "PUBACK", "mid": 93, "seq": 83, "rtt_ms": 213.4, "rc": "Success", "qos_eff": 1}
[21:41:04.916Z] {"evt": "PUBLISH", "seq": 84, "bytes": 60, "topic": "devices/23z8rpgm6s4/messages/events/", "qos": 1, "rc": "0"}
[21:41:05.137Z] {"evt": "PUBACK", "mid": 94, "seq": 84, "rtt_ms": 220.8, "rc": "Success", "qos_eff": 1}
[21:41:14.923Z] {"evt": "PUBLISH", "seq": 85, "bytes": 60, "topic": "devices/23z8rpgm6s4/messages/events/", "qos": 1, "rc": "0"}
[21:41:15.140Z] {"evt": "PUBACK", "mid": 95, "seq": 85, "rtt_ms": 217.7, "rc": "Success", "qos_eff": 1}
[21:41:24.929Z] {"evt": "PUBLISH", "seq": 86, "bytes": 60, "topic": "devices/23z8rpgm6s4/messages/events/", "qos": 1, "rc": "0"}
[21:41:25.143Z] {"evt": "PUBACK", "mid": 96, "seq": 86, "rtt_ms": 213.8, "rc": "Success", "qos_eff": 1}
[21:41:34.935Z] {"evt": "PUBLISH", "seq": 87, "bytes": 60, "topic": "devices/23z8rpgm6s4/messages/events/", "qos": 1, "rc": "0"}
[21:41:35.148Z] {"evt": "PUBACK", "mid": 97, "seq": 87, "rtt_ms": 213.1, "rc": "Success", "qos_eff": 1}
[21:41:44.941Z] {"evt": "PUBLISH", "seq": 88, "bytes": 60, "topic": "devices/23z8rpgm6s4/messages/events/", "qos": 1, "rc": "0"}
[21:41:45.259Z] {"evt": "PUBACK", "mid": 98, "seq": 88, "rtt_ms": 317.3, "rc": "Success", "qos_eff": 1}
