[00:36:14.290Z] {"evt": "START", "qos": 2, "interval_s": 10, "duration_s": 60, "hostname": "iotc-47a415d3-3f15-4cf1-918c-4be1461915f3.azure-devices.net", "device_id": "23z8rpgm6s4", "api_version": "2021-04-12", "tls": "TLSv1_2:8883"}
[00:36:14.659Z] {"evt": "PACKET", "dir": "SEND", "type": "CONNECT", "mid": null}
[00:36:14.660Z] {"evt": "PACKET", "dir": "SEND", "type": "PUBLISH", "mid": 1}
[00:36:14.660Z] {"evt": "PUBLISH", "seq": 1, "bytes": 60, "topic": "devices/23z8rpgm6s4/messages/events/", "qos": 2, "rc": "0"}
[00:36:14.660Z] {"evt": "PACKET", "dir": "SEND", "type": "PUBLISH", "mid": 2}
[00:36:14.745Z] {"evt": "PACKET", "dir": "RECV", "type": "CONNACK", "mid": null}
[00:36:14.745Z] {"evt": "CONNACK", "n": 1, "rc": "Success", "session_present": "ConnectFlags(session_present=True)"}
[00:36:14.745Z] {"evt": "PACKET", "dir": "SEND", "type": "SUBSCRIBE", "mid": 3}
[00:36:14.745Z] {"evt": "PACKET", "dir": "SEND", "type": "SUBSCRIBE", "mid": 4}
[00:36:14.745Z] {"evt": "PACKET", "dir": "SEND", "type": "SUBSCRIBE", "mid": 5}
[00:36:14.745Z] {"evt": "PACKET", "dir": "SEND", "type": "SUBSCRIBE", "mid": 6}
[00:36:14.745Z] {"evt": "PACKET", "dir": "SEND", "type": "PUBLISH", "mid": 7}
[00:36:14.917Z] {"evt": "PACKET", "dir": "RECV", "type": "PUBACK", "mid": 1}
[00:36:14.917Z] {"evt": "PUBACK", "mid": 1, "seq": 1, "rtt_ms": 257.1, "rc": "Success", "qos_eff": 2}
[00:36:14.945Z] {"evt": "PACKET", "dir": "RECV", "type": "PUBLISH", "mid": 0}
[00:36:14.945Z] {"evt": "MSG", "topic": "$iothub/twin/res/200/?$rid=1", "bytes": 129, "ts": "00:36:14.945Z", "json": {"desired": {"$version": 1}, "reported": {"$version": 44151, "Estado_semaforo_LED": "Amarillo", "ID_salon": "A-301", "Set_temp_hvac": 22.0}}, "note": "respuesta GET gemelo (res/<status>/?$rid=init1)"}
[00:36:14.951Z] {"evt": "PACKET", "dir": "RECV", "type": "PUBLISH", "mid": 0}
[00:36:14.951Z] {"evt": "MSG", "topic": "$iothub/twin/res/204/?$rid=3&$version=44152", "bytes": 0, "ts": "00:36:14.951Z", "note": "respuesta GET gemelo (res/<status>/?$rid=init1)"}
[00:36:14.951Z] {"evt": "PACKET", "dir": "RECV", "type": "SUBACK", "mid": null}
[00:36:14.951Z] {"evt": "SUBACK", "mid": 3, "granted": "[ReasonCode(Suback, 'Granted QoS 1')]"}
[00:36:14.951Z] {"evt": "PACKET", "dir": "RECV", "type": "SUBACK", "mid": null}
[00:36:14.952Z] {"evt": "SUBACK", "mid": 4, "granted": "[ReasonCode(Suback, 'Granted QoS 1')]"}
[00:36:14.952Z] {"evt": "PACKET", "dir": "RECV", "type": "SUBACK", "mid": null}
[00:36:14.952Z] {"evt": "SUBACK", "mid": 5, "granted": "[ReasonCode(Suback, 'Granted QoS 1')]"}
[00:36:14.952Z] {"evt": "PACKET", "dir": "RECV", "type": "SUBACK", "mid": null}
[00:36:14.952Z] {"evt": "SUBACK", "mid": 6, "granted": "[ReasonCode(Suback, 'Granted QoS 1')]"}
[00:36:16.123Z] {"evt": "DISCONNECT", "rc": "Unspecified error", "flags": "DisconnectFlags(is_disconnect_packet_from_server=False)"}
[00:36:17.373Z] {"evt": "PACKET", "dir": "SEND", "type": "CONNECT", "mid": null}
[00:36:17.456Z] {"evt": "PACKET", "dir": "RECV", "type": "CONNACK", "mid": null}
[00:36:17.457Z] {"evt": "CONNACK", "n": 2, "rc": "Success", "session_present": "ConnectFlags(session_present=True)"}
[00:36:17.457Z] {"evt": "PACKET", "dir": "SEND", "type": "SUBSCRIBE", "mid": 8}
[00:36:17.457Z] {"evt": "PACKET", "dir": "SEND", "type": "SUBSCRIBE", "mid": 9}
[00:36:17.457Z] {"evt": "PACKET", "dir": "SEND", "type": "SUBSCRIBE", "mid": 10}
[00:36:17.457Z] {"evt": "PACKET", "dir": "SEND", "type": "SUBSCRIBE", "mid": 11}
[00:36:17.457Z] {"evt": "PACKET", "dir": "SEND", "type": "PUBLISH", "mid": 12}
[00:36:17.537Z] {"evt": "PACKET", "dir": "RECV", "type": "SUBACK", "mid": null}
[00:36:17.537Z] {"evt": "SUBACK", "mid": 8, "granted": "[ReasonCode(Suback, 'Granted QoS 1')]"}
[00:36:17.617Z] {"evt": "PACKET", "dir": "RECV", "type": "SUBACK", "mid": null}
[00:36:17.617Z] {"evt": "SUBACK", "mid": 9, "granted": "[ReasonCode(Suback, 'Granted QoS 1')]"}
[00:36:17.617Z] {"evt": "PACKET", "dir": "RECV", "type": "SUBACK", "mid": null}
[00:36:17.617Z] {"evt": "SUBACK", "mid": 10, "granted": "[ReasonCode(Suback, 'Granted QoS 1')]"}
[00:36:17.617Z] {"evt": "PACKET", "dir": "RECV", "type": "SUBACK", "mid": null}
[00:36:17.617Z] {"evt": "SUBACK", "mid": 11, "granted": "[ReasonCode(Suback, 'Granted QoS 1')]"}
[00:36:17.619Z] {"evt": "PACKET", "dir": "RECV", "type": "PUBLISH", "mid": 0}
[00:36:17.619Z] {"evt": "MSG", "topic": "$iothub/twin/res/200/?$rid=1", "bytes": 129, "ts": "00:36:17.619Z", "json": {"desired": {"$version": 1}, "reported": {"$version": 44152, "Estado_semaforo_LED": "Amarillo", "ID_salon": "A-301", "Set_temp_hvac": 22.0}}, "note": "respuesta GET gemelo (res/<status>/?$rid=init1)"}
[00:36:18.791Z] {"evt": "DISCONNECT", "rc": "Unspecified error", "flags": "DisconnectFlags(is_disconnect_packet_from_server=False)"}
[00:36:20.031Z] {"evt": "PACKET", "dir": "SEND", "type": "CONNECT", "mid": null}
[00:36:20.114Z] {"evt": "PACKET", "dir": "RECV", "type": "CONNACK", "mid": null}
[00:36:20.114Z] {"evt": "CONNACK", "n": 3, "rc": "Success", "session_present": "ConnectFlags(session_present=True)"}
[00:36:20.114Z] {"evt": "PACKET", "dir": "SEND", "type": "SUBSCRIBE", "mid": 13}
[00:36:20.114Z] {"evt": "PACKET", "dir": "SEND", "type": "SUBSCRIBE", "mid": 14}
[00:36:20.114Z] {"evt": "PACKET", "dir": "SEND", "type": "SUBSCRIBE", "mid": 15}
[00:36:20.114Z] {"evt": "PACKET", "dir": "SEND", "type": "SUBSCRIBE", "mid": 16}
[00:36:20.114Z] {"evt": "PACKET", "dir": "SEND", "type": "PUBLISH", "mid": 17}
[00:36:20.195Z] {"evt": "PACKET", "dir": "RECV", "type": "SUBACK", "mid": null}
[00:36:20.195Z] {"evt": "SUBACK", "mid": 13, "granted": "[ReasonCode(Suback, 'Granted QoS 1')]"}
[00:36:20.275Z] {"evt": "PACKET", "dir": "RECV", "type": "SUBACK", "mid": null}
[00:36:20.275Z] {"evt": "SUBACK", "mid": 14, "granted": "[ReasonCode(Suback, 'Granted QoS 1')]"}
[00:36:20.275Z] {"evt": "PACKET", "dir": "RECV", "type": "SUBACK", "mid": null}
[00:36:20.275Z] {"evt": "SUBACK", "mid": 15, "granted": "[ReasonCode(Suback, 'Granted QoS 1')]"}
[00:36:20.275Z] {"evt": "PACKET", "dir": "RECV", "type": "SUBACK", "mid": null}
[00:36:20.276Z] {"evt": "SUBACK", "mid": 16, "granted": "[ReasonCode(Suback, 'Granted QoS 1')]"}
[00:36:20.277Z] {"evt": "PACKET", "dir": "RECV", "type": "PUBLISH", "mid": 0}
[00:36:20.278Z] {"evt": "MSG", "topic": "$iothub/twin/res/200/?$rid=1", "bytes": 129, "ts": "00:36:20.277Z", "json": {"desired": {"$version": 1}, "reported": {"$version": 44152, "Estado_semaforo_LED": "Amarillo", "ID_salon": "A-301", "Set_temp_hvac": 22.0}}, "note": "respuesta GET gemelo (res/<status>/?$rid=init1)"}
[00:36:21.438Z] {"evt": "DISCONNECT", "rc": "Unspecified error", "flags": "DisconnectFlags(is_disconnect_packet_from_server=False)"}
[00:36:22.679Z] {"evt": "PACKET", "dir": "SEND", "type": "CONNECT", "mid": null}
[00:36:22.761Z] {"evt": "PACKET", "dir": "RECV", "type": "CONNACK", "mid": null}
[00:36:22.761Z] {"evt": "CONNACK", "n": 4, "rc": "Success", "session_present": "ConnectFlags(session_present=True)"}
[00:36:22.762Z] {"evt": "PACKET", "dir": "SEND", "type": "SUBSCRIBE", "mid": 18}
[00:36:22.762Z] {"evt": "PACKET", "dir": "SEND", "type": "SUBSCRIBE", "mid": 19}
[00:36:22.762Z] {"evt": "PACKET", "dir": "SEND", "type": "SUBSCRIBE", "mid": 20}
[00:36:22.762Z] {"evt": "PACKET", "dir": "SEND", "type": "SUBSCRIBE", "mid": 21}
[00:36:22.762Z] {"evt": "PACKET", "dir": "SEND", "type": "PUBLISH", "mid": 22}
[00:36:22.842Z] {"evt": "PACKET", "dir": "RECV", "type": "SUBACK", "mid": null}
[00:36:22.842Z] {"evt": "SUBACK", "mid": 18, "granted": "[ReasonCode(Suback, 'Granted QoS 1')]"}
[00:36:22.923Z] {"evt": "PACKET", "dir": "RECV", "type": "SUBACK", "mid": null}
[00:36:22.923Z] {"evt": "SUBACK", "mid": 19, "granted": "[ReasonCode(Suback, 'Granted QoS 1')]"}
[00:36:22.923Z] {"evt": "PACKET", "dir": "RECV", "type": "SUBACK", "mid": null}
[00:36:22.923Z] {"evt": "SUBACK", "mid": 20, "granted": "[ReasonCode(Suback, 'Granted QoS 1')]"}
[00:36:22.923Z] {"evt": "PACKET", "dir": "RECV", "type": "SUBACK", "mid": null}
[00:36:22.923Z] {"evt": "SUBACK", "mid": 21, "granted": "[ReasonCode(Suback, 'Granted QoS 1')]"}
[00:36:22.925Z] {"evt": "PACKET", "dir": "RECV", "type": "PUBLISH", "mid": 0}
[00:36:22.925Z] {"evt": "MSG", "topic": "$iothub/twin/res/200/?$rid=1", "bytes": 129, "ts": "00:36:22.925Z", "json": {"desired": {"$version": 1}, "reported": {"$version": 44152, "Estado_semaforo_LED": "Amarillo", "ID_salon": "A-301", "Set_temp_hvac": 22.0}}, "note": "respuesta GET gemelo (res/<status>/?$rid=init1)"}
[00:36:24.095Z] {"evt": "DISCONNECT", "rc": "Unspecified error", "flags": "DisconnectFlags(is_disconnect_packet_from_server=False)"}
[00:36:24.790Z] {"evt": "PUBLISH", "seq": 2, "bytes": 60, "topic": "devices/23z8rpgm6s4/messages/events/", "qos": 2, "rc": "4"}
[00:36:25.453Z] {"evt": "PACKET", "dir": "SEND", "type": "CONNECT", "mid": null}
[00:36:25.535Z] {"evt": "PACKET", "dir": "RECV", "type": "CONNACK", "mid": null}
[00:36:25.535Z] {"evt": "CONNACK", "n": 5, "rc": "Success", "session_present": "ConnectFlags(session_present=True)"}
[00:36:25.535Z] {"evt": "PACKET", "dir": "SEND", "type": "SUBSCRIBE", "mid": 24}
[00:36:25.535Z] {"evt": "PACKET", "dir": "SEND", "type": "SUBSCRIBE", "mid": 25}
[00:36:25.535Z] {"evt": "PACKET", "dir": "SEND", "type": "SUBSCRIBE", "mid": 26}
[00:36:25.535Z] {"evt": "PACKET", "dir": "SEND", "type": "SUBSCRIBE", "mid": 27}
[00:36:25.535Z] {"evt": "PACKET", "dir": "SEND", "type": "PUBLISH", "mid": 28}
[00:36:25.535Z] {"evt": "PACKET", "dir": "SEND", "type": "PUBLISH", "mid": 23}
[00:36:25.614Z] {"evt": "PACKET", "dir": "RECV", "type": "SUBACK", "mid": null}
[00:36:25.615Z] {"evt": "SUBACK", "mid": 24, "granted": "[ReasonCode(Suback, 'Granted QoS 1')]"}
[00:36:25.692Z] {"evt": "PACKET", "dir": "RECV", "type": "SUBACK", "mid": null}
[00:36:25.692Z] {"evt": "SUBACK", "mid": 25, "granted": "[ReasonCode(Suback, 'Granted QoS 1')]"}
[00:36:25.692Z] {"evt": "PACKET", "dir": "RECV", "type": "SUBACK", "mid": null}
[00:36:25.692Z] {"evt": "SUBACK", "mid": 26, "granted": "[ReasonCode(Suback, 'Granted QoS 1')]"}
[00:36:25.692Z] {"evt": "PACKET", "dir": "RECV", "type": "SUBACK", "mid": null}
[00:36:25.692Z] {"evt": "SUBACK", "mid": 27, "granted": "[ReasonCode(Suback, 'Granted QoS 1')]"}
[00:36:25.694Z] {"evt": "PACKET", "dir": "RECV", "type": "PUBLISH", "mid": 0}
[00:36:25.694Z] {"evt": "MSG", "topic": "$iothub/twin/res/200/?$rid=1", "bytes": 129, "ts": "00:36:25.694Z", "json": {"desired": {"$version": 1}, "reported": {"$version": 44152, "Estado_semaforo_LED": "Amarillo", "ID_salon": "A-301", "Set_temp_hvac": 22.0}}, "note": "respuesta GET gemelo (res/<status>/?$rid=init1)"}
[00:36:25.791Z] {"evt": "PACKET", "dir": "RECV", "type": "PUBACK", "mid": 23}
[00:36:25.791Z] {"evt": "PUBACK", "mid": 23, "seq": 2, "rtt_ms": 1002.2, "rc": "Success", "qos_eff": 2}
[00:36:26.863Z] {"evt": "DISCONNECT", "rc": "Unspecified error", "flags": "DisconnectFlags(is_disconnect_packet_from_server=False)"}
[00:36:28.102Z] {"evt": "PACKET", "dir": "SEND", "type": "CONNECT", "mid": null}
[00:36:28.186Z] {"evt": "PACKET", "dir": "RECV", "type": "CONNACK", "mid": null}
[00:36:28.187Z] {"evt": "CONNACK", "n": 6, "rc": "Success", "session_present": "ConnectFlags(session_present=True)"}
[00:36:28.187Z] {"evt": "PACKET", "dir": "SEND", "type": "SUBSCRIBE", "mid": 29}
[00:36:28.187Z] {"evt": "PACKET", "dir": "SEND", "type": "SUBSCRIBE", "mid": 30}
[00:36:28.187Z] {"evt": "PACKET", "dir": "SEND", "type": "SUBSCRIBE", "mid": 31}
[00:36:28.187Z] {"evt": "PACKET", "dir": "SEND", "type": "SUBSCRIBE", "mid": 32}
[00:36:28.188Z] {"evt": "PACKET", "dir": "SEND", "type": "PUBLISH", "mid": 33}
[00:36:28.266Z] {"evt": "PACKET", "dir": "RECV", "type": "SUBACK", "mid": null}
[00:36:28.266Z] {"evt": "SUBACK", "mid": 29, "granted": "[ReasonCode(Suback, 'Granted QoS 1')]"}
[00:36:28.346Z] {"evt": "PACKET", "dir": "RECV", "type": "SUBACK", "mid": null}
[00:36:28.346Z] {"evt": "SUBACK", "mid": 30, "granted": "[ReasonCode(Suback, 'Granted QoS 1')]"}
[00:36:28.346Z] {"evt": "PACKET", "dir": "RECV", "type": "SUBACK", "mid": null}
[00:36:28.346Z] {"evt": "SUBACK", "mid": 31, "granted": "[ReasonCode(Suback, 'Granted QoS 1')]"}
[00:36:28.346Z] {"evt": "PACKET", "dir": "RECV", "type": "SUBACK", "mid": null}
[00:36:28.347Z] {"evt": "SUBACK", "mid": 32, "granted": "[ReasonCode(Suback, 'Granted QoS 1')]"}
[00:36:28.348Z] {"evt": "PACKET", "dir": "RECV", "type": "PUBLISH", "mid": 0}
[00:36:28.348Z] {"evt": "MSG", "topic": "$iothub/twin/res/200/?$rid=1", "bytes": 129, "ts": "00:36:28.348Z", "json": {"desired": {"$version": 1}, "reported": {"$version": 44152, "Estado_semaforo_LED": "Amarillo", "ID_salon": "A-301", "Set_temp_hvac": 22.0}}, "note": "respuesta GET gemelo (res/<status>/?$rid=init1)"}
[00:36:29.513Z] {"evt": "DISCONNECT", "rc": "Unspecified error", "flags": "DisconnectFlags(is_disconnect_packet_from_server=False)"}
[00:36:30.754Z] {"evt": "PACKET", "dir": "SEND", "type": "CONNECT", "mid": null}
[00:36:30.839Z] {"evt": "PACKET", "dir": "RECV", "type": "CONNACK", "mid": null}
[00:36:30.839Z] {"evt": "CONNACK", "n": 7, "rc": "Success", "session_present": "ConnectFlags(session_present=True)"}
[00:36:30.839Z] {"evt": "PACKET", "dir": "SEND", "type": "SUBSCRIBE", "mid": 34}
[00:36:30.839Z] {"evt": "PACKET", "dir": "SEND", "type": "SUBSCRIBE", "mid": 35}
[00:36:30.839Z] {"evt": "PACKET", "dir": "SEND", "type": "SUBSCRIBE", "mid": 36}
[00:36:30.839Z] {"evt": "PACKET", "dir": "SEND", "type": "SUBSCRIBE", "mid": 37}
[00:36:30.839Z] {"evt": "PACKET", "dir": "SEND", "type": "PUBLISH", "mid": 38}
[00:36:30.918Z] {"evt": "PACKET", "dir": "RECV", "type": "SUBACK", "mid": null}
[00:36:30.918Z] {"evt": "SUBACK", "mid": 34, "granted": "[ReasonCode(Suback, 'Granted QoS 1')]"}
[00:36:30.995Z] {"evt": "PACKET", "dir": "RECV", "type": "SUBACK", "mid": null}
[00:36:30.995Z] {"evt": "SUBACK", "mid": 35, "granted": "[ReasonCode(Suback, 'Granted QoS 1')]"}
[00:36:30.995Z] {"evt": "PACKET", "dir": "RECV", "type": "SUBACK", "mid": null}
[00:36:30.995Z] {"evt": "SUBACK", "mid": 36, "granted": "[ReasonCode(Suback, 'Granted QoS 1')]"}
[00:36:30.995Z] {"evt": "PACKET", "dir": "RECV", "type": "SUBACK", "mid": null}
[00:36:30.995Z] {"evt": "SUBACK", "mid": 37, "granted": "[ReasonCode(Suback, 'Granted QoS 1')]"}
[00:36:30.997Z] {"evt": "PACKET", "dir": "RECV", "type": "PUBLISH", "mid": 0}
[00:36:30.997Z] {"evt": "MSG", "topic": "$iothub/twin/res/200/?$rid=1", "bytes": 129, "ts": "00:36:30.997Z", "json": {"desired": {"$version": 1}, "reported": {"$version": 44152, "Estado_semaforo_LED": "Amarillo", "ID_salon": "A-301", "Set_temp_hvac": 22.0}}, "note": "respuesta GET gemelo (res/<status>/?$rid=init1)"}
[00:36:32.164Z] {"evt": "DISCONNECT", "rc": "Unspecified error", "flags": "DisconnectFlags(is_disconnect_packet_from_server=False)"}
[00:36:33.408Z] {"evt": "PACKET", "dir": "SEND", "type": "CONNECT", "mid": null}
[00:36:33.491Z] {"evt": "PACKET", "dir": "RECV", "type": "CONNACK", "mid": null}
[00:36:33.491Z] {"evt": "CONNACK", "n": 8, "rc": "Success", "session_present": "ConnectFlags(session_present=True)"}
[00:36:33.491Z] {"evt": "PACKET", "dir": "SEND", "type": "SUBSCRIBE", "mid": 39}
[00:36:33.491Z] {"evt": "PACKET", "dir": "SEND", "type": "SUBSCRIBE", "mid": 40}
[00:36:33.491Z] {"evt": "PACKET", "dir": "SEND", "type": "SUBSCRIBE", "mid": 41}
[00:36:33.491Z] {"evt": "PACKET", "dir": "SEND", "type": "SUBSCRIBE", "mid": 42}
[00:36:33.491Z] {"evt": "PACKET", "dir": "SEND", "type": "PUBLISH", "mid": 43}
[00:36:33.572Z] {"evt": "PACKET", "dir": "RECV", "type": "SUBACK", "mid": null}
[00:36:33.572Z] {"evt": "SUBACK", "mid": 39, "granted": "[ReasonCode(Suback, 'Granted QoS 1')]"}
[00:36:33.652Z] {"evt": "PACKET", "dir": "RECV", "type": "SUBACK", "mid": null}
[00:36:33.652Z] {"evt": "SUBACK", "mid": 40, "granted": "[ReasonCode(Suback, 'Granted QoS 1')]"}
[00:36:33.652Z] {"evt": "PACKET", "dir": "RECV", "type": "SUBACK", "mid": null}
[00:36:33.652Z] {"evt": "SUBACK", "mid": 41, "granted": "[ReasonCode(Suback, 'Granted QoS 1')]"}
[00:36:33.652Z] {"evt": "PACKET", "dir": "RECV", "type": "SUBACK", "mid": null}
[00:36:33.652Z] {"evt": "SUBACK", "mid": 42, "granted": "[ReasonCode(Suback, 'Granted QoS 1')]"}
[00:36:33.653Z] {"evt": "PACKET", "dir": "RECV", "type": "PUBLISH", "mid": 0}
[00:36:33.653Z] {"evt": "MSG", "topic": "$iothub/twin/res/200/?$rid=1", "bytes": 129, "ts": "00:36:33.653Z", "json": {"desired": {"$version": 1}, "reported": {"$version": 44152, "Estado_semaforo_LED": "Amarillo", "ID_salon": "A-301", "Set_temp_hvac": 22.0}}, "note": "respuesta GET gemelo (res/<status>/?$rid=init1)"}
[00:36:34.811Z] {"evt": "DISCONNECT", "rc": "Unspecified error", "flags": "DisconnectFlags(is_disconnect_packet_from_server=False)"}
[00:36:34.845Z] {"evt": "PUBLISH", "seq": 3, "bytes": 60, "topic": "devices/23z8rpgm6s4/messages/events/", "qos": 2, "rc": "4"}
[00:36:36.138Z] {"evt": "PACKET", "dir": "SEND", "type": "CONNECT", "mid": null}
[00:36:36.220Z] {"evt": "PACKET", "dir": "RECV", "type": "CONNACK", "mid": null}
[00:36:36.220Z] {"evt": "CONNACK", "n": 9, "rc": "Success", "session_present": "ConnectFlags(session_present=True)"}
[00:36:36.220Z] {"evt": "PACKET", "dir": "SEND", "type": "SUBSCRIBE", "mid": 45}
[00:36:36.220Z] {"evt": "PACKET", "dir": "SEND", "type": "SUBSCRIBE", "mid": 46}
[00:36:36.221Z] {"evt": "PACKET", "dir": "SEND", "type": "SUBSCRIBE", "mid": 47}
[00:36:36.221Z] {"evt": "PACKET", "dir": "SEND", "type": "SUBSCRIBE", "mid": 48}
[00:36:36.221Z] {"evt": "PACKET", "dir": "SEND", "type": "PUBLISH", "mid": 49}
[00:36:36.221Z] {"evt": "PACKET", "dir": "SEND", "type": "PUBLISH", "mid": 44}
[00:36:36.301Z] {"evt": "PACKET", "dir": "RECV", "type": "SUBACK", "mid": null}
[00:36:36.301Z] {"evt": "SUBACK", "mid": 45, "granted": "[ReasonCode(Suback, 'Granted QoS 1')]"}
[00:36:36.381Z] {"evt": "PACKET", "dir": "RECV", "type": "SUBACK", "mid": null}
[00:36:36.381Z] {"evt": "SUBACK", "mid": 46, "granted": "[ReasonCode(Suback, 'Granted QoS 1')]"}
[00:36:36.381Z] {"evt": "PACKET", "dir": "RECV", "type": "SUBACK", "mid": null}
[00:36:36.381Z] {"evt": "SUBACK", "mid": 47, "granted": "[ReasonCode(Suback, 'Granted QoS 1')]"}
[00:36:36.381Z] {"evt": "PACKET", "dir": "RECV", "type": "SUBACK", "mid": null}
[00:36:36.381Z] {"evt": "SUBACK", "mid": 48, "granted": "[ReasonCode(Suback, 'Granted QoS 1')]"}
[00:36:36.383Z] {"evt": "PACKET", "dir": "RECV", "type": "PUBLISH", "mid": 0}
[00:36:36.383Z] {"evt": "MSG", "topic": "$iothub/twin/res/200/?$rid=1", "bytes": 129, "ts": "00:36:36.383Z", "json": {"desired": {"$version": 1}, "reported": {"$version": 44152, "Estado_semaforo_LED": "Amarillo", "ID_salon": "A-301", "Set_temp_hvac": 22.0}}, "note": "respuesta GET gemelo (res/<status>/?$rid=init1)"}
[00:36:36.479Z] {"evt": "PACKET", "dir": "RECV", "type": "PUBACK", "mid": 44}
[00:36:36.479Z] {"evt": "PUBACK", "mid": 44, "seq": 3, "rtt_ms": 1634.0, "rc": "Success", "qos_eff": 2}
[00:36:37.570Z] {"evt": "DISCONNECT", "rc": "Unspecified error", "flags": "DisconnectFlags(is_disconnect_packet_from_server=False)"}
[00:36:38.812Z] {"evt": "PACKET", "dir": "SEND", "type": "CONNECT", "mid": null}
[00:36:38.896Z] {"evt": "PACKET", "dir": "RECV", "type": "CONNACK", "mid": null}
[00:36:38.896Z] {"evt": "CONNACK", "n": 10, "rc": "Success", "session_present": "ConnectFlags(session_present=True)"}
[00:36:38.896Z] {"evt": "PACKET", "dir": "SEND", "type": "SUBSCRIBE", "mid": 50}
[00:36:38.896Z] {"evt": "PACKET", "dir": "SEND", "type": "SUBSCRIBE", "mid": 51}
[00:36:38.896Z] {"evt": "PACKET", "dir": "SEND", "type": "SUBSCRIBE", "mid": 52}
[00:36:38.896Z] {"evt": "PACKET", "dir": "SEND", "type": "SUBSCRIBE", "mid": 53}
[00:36:38.896Z] {"evt": "PACKET", "dir": "SEND", "type": "PUBLISH", "mid": 54}
[00:36:38.976Z] {"evt": "PACKET", "dir": "RECV", "type": "SUBACK", "mid": null}
[00:36:38.976Z] {"evt": "SUBACK", "mid": 50, "granted": "[ReasonCode(Suback, 'Granted QoS 1')]"}
[00:36:39.057Z] {"evt": "PACKET", "dir": "RECV", "type": "SUBACK", "mid": null}
[00:36:39.057Z] {"evt": "SUBACK", "mid": 51, "granted": "[ReasonCode(Suback, 'Granted QoS 1')]"}
[00:36:39.057Z] {"evt": "PACKET", "dir": "RECV", "type": "SUBACK", "mid": null}
[00:36:39.057Z] {"evt": "SUBACK", "mid": 52, "granted": "[ReasonCode(Suback, 'Granted QoS 1')]"}
[00:36:39.057Z] {"evt": "PACKET", "dir": "RECV", "type": "SUBACK", "mid": null}
[00:36:39.057Z] {"evt": "SUBACK", "mid": 53, "granted": "[ReasonCode(Suback, 'Granted QoS 1')]"}
[00:36:39.059Z] {"evt": "PACKET", "dir": "RECV", "type": "PUBLISH", "mid": 0}
[00:36:39.059Z] {"evt": "MSG", "topic": "$iothub/twin/res/200/?$rid=1", "bytes": 129, "ts": "00:36:39.059Z", "json": {"desired": {"$version": 1}, "reported": {"$version": 44152, "Estado_semaforo_LED": "Amarillo", "ID_salon": "A-301", "Set_temp_hvac": 22.0}}, "note": "respuesta GET gemelo (res/<status>/?$rid=init1)"}
[00:36:40.221Z] {"evt": "DISCONNECT", "rc": "Unspecified error", "flags": "DisconnectFlags(is_disconnect_packet_from_server=False)"}
[00:36:41.463Z] {"evt": "PACKET", "dir": "SEND", "type": "CONNECT", "mid": null}
[00:36:41.546Z] {"evt": "PACKET", "dir": "RECV", "type": "CONNACK", "mid": null}
[00:36:41.546Z] {"evt": "CONNACK", "n": 11, "rc": "Success", "session_present": "ConnectFlags(session_present=True)"}
[00:36:41.547Z] {"evt": "PACKET", "dir": "SEND", "type": "SUBSCRIBE", "mid": 55}
[00:36:41.547Z] {"evt": "PACKET", "dir": "SEND", "type": "SUBSCRIBE", "mid": 56}
[00:36:41.547Z] {"evt": "PACKET", "dir": "SEND", "type": "SUBSCRIBE", "mid": 57}
[00:36:41.547Z] {"evt": "PACKET", "dir": "SEND", "type": "SUBSCRIBE", "mid": 58}
[00:36:41.547Z] {"evt": "PACKET", "dir": "SEND", "type": "PUBLISH", "mid": 59}
[00:36:41.627Z] {"evt": "PACKET", "dir": "RECV", "type": "SUBACK", "mid": null}
[00:36:41.627Z] {"evt": "SUBACK", "mid": 55, "granted": "[ReasonCode(Suback, 'Granted QoS 1')]"}
[00:36:41.707Z] {"evt": "PACKET", "dir": "RECV", "type": "SUBACK", "mid": null}
[00:36:41.707Z] {"evt": "SUBACK", "mid": 56, "granted": "[ReasonCode(Suback, 'Granted QoS 1')]"}
[00:36:41.707Z] {"evt": "PACKET", "dir": "RECV", "type": "SUBACK", "mid": null}
[00:36:41.708Z] {"evt": "SUBACK", "mid": 57, "granted": "[ReasonCode(Suback, 'Granted QoS 1')]"}
[00:36:41.708Z] {"evt": "PACKET", "dir": "RECV", "type": "SUBACK", "mid": null}
[00:36:41.708Z] {"evt": "SUBACK", "mid": 58, "granted": "[ReasonCode(Suback, 'Granted QoS 1')]"}
[00:36:41.709Z] {"evt": "PACKET", "dir": "RECV", "type": "PUBLISH", "mid": 0}
[00:36:41.709Z] {"evt": "MSG", "topic": "$iothub/twin/res/200/?$rid=1", "bytes": 129, "ts": "00:36:41.709Z", "json": {"desired": {"$version": 1}, "reported": {"$version": 44152, "Estado_semaforo_LED": "Amarillo", "ID_salon": "A-301", "Set_temp_hvac": 22.0}}, "note": "respuesta GET gemelo (res/<status>/?$rid=init1)"}
[00:36:42.879Z] {"evt": "DISCONNECT", "rc": "Unspecified error", "flags": "DisconnectFlags(is_disconnect_packet_from_server=False)"}
[00:36:44.129Z] {"evt": "PACKET", "dir": "SEND", "type": "CONNECT", "mid": null}
[00:36:44.213Z] {"evt": "PACKET", "dir": "RECV", "type": "CONNACK", "mid": null}
[00:36:44.213Z] {"evt": "CONNACK", "n": 12, "rc": "Success", "session_present": "ConnectFlags(session_present=True)"}
[00:36:44.213Z] {"evt": "PACKET", "dir": "SEND", "type": "SUBSCRIBE", "mid": 60}
[00:36:44.213Z] {"evt": "PACKET", "dir": "SEND", "type": "SUBSCRIBE", "mid": 61}
[00:36:44.213Z] {"evt": "PACKET", "dir": "SEND", "type": "SUBSCRIBE", "mid": 62}
[00:36:44.213Z] {"evt": "PACKET", "dir": "SEND", "type": "SUBSCRIBE", "mid": 63}
[00:36:44.213Z] {"evt": "PACKET", "dir": "SEND", "type": "PUBLISH", "mid": 64}
[00:36:44.293Z] {"evt": "PACKET", "dir": "RECV", "type": "SUBACK", "mid": null}
[00:36:44.293Z] {"evt": "SUBACK", "mid": 60, "granted": "[ReasonCode(Suback, 'Granted QoS 1')]"}
[00:36:44.374Z] {"evt": "PACKET", "dir": "RECV", "type": "SUBACK", "mid": null}
[00:36:44.374Z] {"evt": "SUBACK", "mid": 61, "granted": "[ReasonCode(Suback, 'Granted QoS 1')]"}
[00:36:44.374Z] {"evt": "PACKET", "dir": "RECV", "type": "SUBACK", "mid": null}
[00:36:44.374Z] {"evt": "SUBACK", "mid": 62, "granted": "[ReasonCode(Suback, 'Granted QoS 1')]"}
[00:36:44.374Z] {"evt": "PACKET", "dir": "RECV", "type": "SUBACK", "mid": null}
[00:36:44.374Z] {"evt": "SUBACK", "mid": 63, "granted": "[ReasonCode(Suback, 'Granted QoS 1')]"}
[00:36:44.375Z] {"evt": "PACKET", "dir": "RECV", "type": "PUBLISH", "mid": 0}
[00:36:44.375Z] {"evt": "MSG", "topic": "$iothub/twin/res/200/?$rid=1", "bytes": 129, "ts": "00:36:44.375Z", "json": {"desired": {"$version": 1}, "reported": {"$version": 44152, "Estado_semaforo_LED": "Amarillo", "ID_salon": "A-301", "Set_temp_hvac": 22.0}}, "note": "respuesta GET gemelo (res/<status>/?$rid=init1)"}
[00:36:44.859Z] {"evt": "PACKET", "dir": "SEND", "type": "PUBLISH", "mid": 65}
[00:36:44.859Z] {"evt": "PUBLISH", "seq": 4, "bytes": 60, "topic": "devices/23z8rpgm6s4/messages/events/", "qos": 2, "rc": "0"}
[00:36:45.035Z] {"evt": "PACKET", "dir": "RECV", "type": "PUBACK", "mid": 65}
[00:36:45.035Z] {"evt": "PUBACK", "mid": 65, "seq": 4, "rtt_ms": 176.5, "rc": "Success", "qos_eff": 2}
[00:36:45.674Z] {"evt": "DISCONNECT", "rc": "Unspecified error", "flags": "DisconnectFlags(is_disconnect_packet_from_server=False)"}
[00:36:46.926Z] {"evt": "PACKET", "dir": "SEND", "type": "CONNECT", "mid": null}
[00:36:47.008Z] {"evt": "PACKET", "dir": "RECV", "type": "CONNACK", "mid": null}
[00:36:47.009Z] {"evt": "CONNACK", "n": 13, "rc": "Success", "session_present": "ConnectFlags(session_present=True)"}
[00:36:47.009Z] {"evt": "PACKET", "dir": "SEND", "type": "SUBSCRIBE", "mid": 66}
[00:36:47.009Z] {"evt": "PACKET", "dir": "SEND", "type": "SUBSCRIBE", "mid": 67}
[00:36:47.009Z] {"evt": "PACKET", "dir": "SEND", "type": "SUBSCRIBE", "mid": 68}
[00:36:47.009Z] {"evt": "PACKET", "dir": "SEND", "type": "SUBSCRIBE", "mid": 69}
[00:36:47.010Z] {"evt": "PACKET", "dir": "SEND", "type": "PUBLISH", "mid": 70}
[00:36:47.090Z] {"evt": "PACKET", "dir": "RECV", "type": "SUBACK", "mid": null}
[00:36:47.090Z] {"evt": "SUBACK", "mid": 66, "granted": "[ReasonCode(Suback, 'Granted QoS 1')]"}
[00:36:47.170Z] {"evt": "PACKET", "dir": "RECV", "type": "SUBACK", "mid": null}
[00:36:47.170Z] {"evt": "SUBACK", "mid": 67, "granted": "[ReasonCode(Suback, 'Granted QoS 1')]"}
[00:36:47.170Z] {"evt": "PACKET", "dir": "RECV", "type": "SUBACK", "mid": null}
[00:36:47.170Z] {"evt": "SUBACK", "mid": 68, "granted": "[ReasonCode(Suback, 'Granted QoS 1')]"}
[00:36:47.170Z] {"evt": "PACKET", "dir": "RECV", "type": "SUBACK", "mid": null}
[00:36:47.170Z] {"evt": "SUBACK", "mid": 69, "granted": "[ReasonCode(Suback, 'Granted QoS 1')]"}
[00:36:47.172Z] {"evt": "PACKET", "dir": "RECV", "type": "PUBLISH", "mid": 0}
[00:36:47.172Z] {"evt": "MSG", "topic": "$iothub/twin/res/200/?$rid=1", "bytes": 129, "ts": "00:36:47.172Z", "json": {"desired": {"$version": 1}, "reported": {"$version": 44152, "Estado_semaforo_LED": "Amarillo", "ID_salon": "A-301", "Set_temp_hvac": 22.0}}, "note": "respuesta GET gemelo (res/<status>/?$rid=init1)"}
[00:36:48.342Z] {"evt": "DISCONNECT", "rc": "Unspecified error", "flags": "DisconnectFlags(is_disconnect_packet_from_server=False)"}
[00:36:49.596Z] {"evt": "PACKET", "dir": "SEND", "type": "CONNECT", "mid": null}
[00:36:49.677Z] {"evt": "PACKET", "dir": "RECV", "type": "CONNACK", "mid": null}
[00:36:49.677Z] {"evt": "CONNACK", "n": 14, "rc": "Success", "session_present": "ConnectFlags(session_present=True)"}
[00:36:49.677Z] {"evt": "PACKET", "dir": "SEND", "type": "SUBSCRIBE", "mid": 71}
[00:36:49.677Z] {"evt": "PACKET", "dir": "SEND", "type": "SUBSCRIBE", "mid": 72}
[00:36:49.677Z] {"evt": "PACKET", "dir": "SEND", "type": "SUBSCRIBE", "mid": 73}
[00:36:49.677Z] {"evt": "PACKET", "dir": "SEND", "type": "SUBSCRIBE", "mid": 74}
[00:36:49.677Z] {"evt": "PACKET", "dir": "SEND", "type": "PUBLISH", "mid": 75}
[00:36:49.755Z] {"evt": "PACKET", "dir": "RECV", "type": "SUBACK", "mid": null}
[00:36:49.755Z] {"evt": "SUBACK", "mid": 71, "granted": "[ReasonCode(Suback, 'Granted QoS 1')]"}
[00:36:49.833Z] {"evt": "PACKET", "dir": "RECV", "type": "SUBACK", "mid": null}
[00:36:49.833Z] {"evt": "SUBACK", "mid": 72, "granted": "[ReasonCode(Suback, 'Granted QoS 1')]"}
[00:36:49.833Z] {"evt": "PACKET", "dir": "RECV", "type": "SUBACK", "mid": null}
[00:36:49.833Z] {"evt": "SUBACK", "mid": 73, "granted": "[ReasonCode(Suback, 'Granted QoS 1')]"}
[00:36:49.833Z] {"evt": "PACKET", "dir": "RECV", "type": "SUBACK", "mid": null}
[00:36:49.833Z] {"evt": "SUBACK", "mid": 74, "granted": "[ReasonCode(Suback, 'Granted QoS 1')]"}
[00:36:49.834Z] {"evt": "PACKET", "dir": "RECV", "type": "PUBLISH", "mid": 0}
[00:36:49.834Z] {"evt": "MSG", "topic": "$iothub/twin/res/200/?$rid=1", "bytes": 129, "ts": "00:36:49.834Z", "json": {"desired": {"$version": 1}, "reported": {"$version": 44152, "Estado_semaforo_LED": "Amarillo", "ID_salon": "A-301", "Set_temp_hvac": 22.0}}, "note": "respuesta GET gemelo (res/<status>/?$rid=init1)"}
[00:36:51.004Z] {"evt": "DISCONNECT", "rc": "Unspecified error", "flags": "DisconnectFlags(is_disconnect_packet_from_server=False)"}
[00:36:52.246Z] {"evt": "PACKET", "dir": "SEND", "type": "CONNECT", "mid": null}
[00:36:52.328Z] {"evt": "PACKET", "dir": "RECV", "type": "CONNACK", "mid": null}
[00:36:52.328Z] {"evt": "CONNACK", "n": 15, "rc": "Success", "session_present": "ConnectFlags(session_present=True)"}
[00:36:52.328Z] {"evt": "PACKET", "dir": "SEND", "type": "SUBSCRIBE", "mid": 76}
[00:36:52.328Z] {"evt": "PACKET", "dir": "SEND", "type": "SUBSCRIBE", "mid": 77}
[00:36:52.328Z] {"evt": "PACKET", "dir": "SEND", "type": "SUBSCRIBE", "mid": 78}
[00:36:52.328Z] {"evt": "PACKET", "dir": "SEND", "type": "SUBSCRIBE", "mid": 79}
[00:36:52.328Z] {"evt": "PACKET", "dir": "SEND", "type": "PUBLISH", "mid": 80}
[00:36:52.405Z] {"evt": "PACKET", "dir": "RECV", "type": "SUBACK", "mid": null}
[00:36:52.405Z] {"evt": "SUBACK", "mid": 76, "granted": "[ReasonCode(Suback, 'Granted QoS 1')]"}
[00:36:52.485Z] {"evt": "PACKET", "dir": "RECV", "type": "SUBACK", "mid": null}
[00:36:52.485Z] {"evt": "SUBACK", "mid": 77, "granted": "[ReasonCode(Suback, 'Granted QoS 1')]"}
[00:36:52.485Z] {"evt": "PACKET", "dir": "RECV", "type": "SUBACK", "mid": null}
[00:36:52.485Z] {"evt": "SUBACK", "mid": 78, "granted": "[ReasonCode(Suback, 'Granted QoS 1')]"}
[00:36:52.486Z] {"evt": "PACKET", "dir": "RECV", "type": "SUBACK", "mid": null}
[00:36:52.486Z] {"evt": "SUBACK", "mid": 79, "granted": "[ReasonCode(Suback, 'Granted QoS 1')]"}
[00:36:52.487Z] {"evt": "PACKET", "dir": "RECV", "type": "PUBLISH", "mid": 0}
[00:36:52.487Z] {"evt": "MSG", "topic": "$iothub/twin/res/200/?$rid=1", "bytes": 129, "ts": "00:36:52.487Z", "json": {"desired": {"$version": 1}, "reported": {"$version": 44152, "Estado_semaforo_LED": "Amarillo", "ID_salon": "A-301", "Set_temp_hvac": 22.0}}, "note": "respuesta GET gemelo (res/<status>/?$rid=init1)"}
[00:36:53.702Z] {"evt": "DISCONNECT", "rc": "Unspecified error", "flags": "DisconnectFlags(is_disconnect_packet_from_server=False)"}
[00:36:54.901Z] {"evt": "PUBLISH", "seq": 5, "bytes": 60, "topic": "devices/23z8rpgm6s4/messages/events/", "qos": 2, "rc": "4"}
[00:36:54.951Z] {"evt": "PACKET", "dir": "SEND", "type": "CONNECT", "mid": null}
[00:36:55.033Z] {"evt": "PACKET", "dir": "RECV", "type": "CONNACK", "mid": null}
[00:36:55.033Z] {"evt": "CONNACK", "n": 16, "rc": "Success", "session_present": "ConnectFlags(session_present=True)"}
[00:36:55.033Z] {"evt": "PACKET", "dir": "SEND", "type": "SUBSCRIBE", "mid": 82}
[00:36:55.033Z] {"evt": "PACKET", "dir": "SEND", "type": "SUBSCRIBE", "mid": 83}
[00:36:55.034Z] {"evt": "PACKET", "dir": "SEND", "type": "SUBSCRIBE", "mid": 84}
[00:36:55.034Z] {"evt": "PACKET", "dir": "SEND", "type": "SUBSCRIBE", "mid": 85}
[00:36:55.034Z] {"evt": "PACKET", "dir": "SEND", "type": "PUBLISH", "mid": 86}
[00:36:55.034Z] {"evt": "PACKET", "dir": "SEND", "type": "PUBLISH", "mid": 81}
[00:36:55.115Z] {"evt": "PACKET", "dir": "RECV", "type": "SUBACK", "mid": null}
[00:36:55.115Z] {"evt": "SUBACK", "mid": 82, "granted": "[ReasonCode(Suback, 'Granted QoS 1')]"}
[00:36:55.195Z] {"evt": "PACKET", "dir": "RECV", "type": "SUBACK", "mid": null}
[00:36:55.195Z] {"evt": "SUBACK", "mid": 83, "granted": "[ReasonCode(Suback, 'Granted QoS 1')]"}
[00:36:55.195Z] {"evt": "PACKET", "dir": "RECV", "type": "SUBACK", "mid": null}
[00:36:55.195Z] {"evt": "SUBACK", "mid": 84, "granted": "[ReasonCode(Suback, 'Granted QoS 1')]"}
[00:36:55.195Z] {"evt": "PACKET", "dir": "RECV", "type": "SUBACK", "mid": null}
[00:36:55.195Z] {"evt": "SUBACK", "mid": 85, "granted": "[ReasonCode(Suback, 'Granted QoS 1')]"}
[00:36:55.197Z] {"evt": "PACKET", "dir": "RECV", "type": "PUBLISH", "mid": 0}
[00:36:55.197Z] {"evt": "MSG", "topic": "$iothub/twin/res/200/?$rid=1", "bytes": 129, "ts": "00:36:55.197Z", "json": {"desired": {"$version": 1}, "reported": {"$version": 44152, "Estado_semaforo_LED": "Amarillo", "ID_salon": "A-301", "Set_temp_hvac": 22.0}}, "note": "respuesta GET gemelo (res/<status>/?$rid=init1)"}
[00:36:55.287Z] {"evt": "PACKET", "dir": "RECV", "type": "PUBACK", "mid": 81}
[00:36:55.287Z] {"evt": "PUBACK", "mid": 81, "seq": 5, "rtt_ms": 386.4, "rc": "Success", "qos_eff": 2}
[00:36:56.430Z] {"evt": "DISCONNECT", "rc": "Unspecified error", "flags": "DisconnectFlags(is_disconnect_packet_from_server=False)"}
[00:36:57.669Z] {"evt": "PACKET", "dir": "SEND", "type": "CONNECT", "mid": null}
[00:36:57.751Z] {"evt": "PACKET", "dir": "RECV", "type": "CONNACK", "mid": null}
[00:36:57.751Z] {"evt": "CONNACK", "n": 17, "rc": "Success", "session_present": "ConnectFlags(session_present=True)"}
[00:36:57.751Z] {"evt": "PACKET", "dir": "SEND", "type": "SUBSCRIBE", "mid": 87}
[00:36:57.751Z] {"evt": "PACKET", "dir": "SEND", "type": "SUBSCRIBE", "mid": 88}
[00:36:57.751Z] {"evt": "PACKET", "dir": "SEND", "type": "SUBSCRIBE", "mid": 89}
[00:36:57.752Z] {"evt": "PACKET", "dir": "SEND", "type": "SUBSCRIBE", "mid": 90}
[00:36:57.752Z] {"evt": "PACKET", "dir": "SEND", "type": "PUBLISH", "mid": 91}
[00:36:57.829Z] {"evt": "PACKET", "dir": "RECV", "type": "SUBACK", "mid": null}
[00:36:57.829Z] {"evt": "SUBACK", "mid": 87, "granted": "[ReasonCode(Suback, 'Granted QoS 1')]"}
[00:36:57.909Z] {"evt": "PACKET", "dir": "RECV", "type": "SUBACK", "mid": null}
[00:36:57.909Z] {"evt": "SUBACK", "mid": 88, "granted": "[ReasonCode(Suback, 'Granted QoS 1')]"}
[00:36:57.909Z] {"evt": "PACKET", "dir": "RECV", "type": "SUBACK", "mid": null}
[00:36:57.909Z] {"evt": "SUBACK", "mid": 89, "granted": "[ReasonCode(Suback, 'Granted QoS 1')]"}
[00:36:57.910Z] {"evt": "PACKET", "dir": "RECV", "type": "SUBACK", "mid": null}
[00:36:57.910Z] {"evt": "SUBACK", "mid": 90, "granted": "[ReasonCode(Suback, 'Granted QoS 1')]"}
[00:36:57.911Z] {"evt": "PACKET", "dir": "RECV", "type": "PUBLISH", "mid": 0}
[00:36:57.911Z] {"evt": "MSG", "topic": "$iothub/twin/res/200/?$rid=1", "bytes": 129, "ts": "00:36:57.911Z", "json": {"desired": {"$version": 1}, "reported": {"$version": 44152, "Estado_semaforo_LED": "Amarillo", "ID_salon": "A-301", "Set_temp_hvac": 22.0}}, "note": "respuesta GET gemelo (res/<status>/?$rid=init1)"}
[00:37:04.928Z] {"evt": "PACKET", "dir": "SEND", "type": "PUBLISH", "mid": 92}
[00:37:04.928Z] {"evt": "PUBLISH", "seq": 6, "bytes": 60, "topic": "devices/23z8rpgm6s4/messages/events/", "qos": 2, "rc": "0"}
[00:37:05.107Z] {"evt": "PACKET", "dir": "RECV", "type": "PUBACK", "mid": 92}
[00:37:05.107Z] {"evt": "PUBACK", "mid": 92, "seq": 6, "rtt_ms": 179.2, "rc": "Success", "qos_eff": 2}
[00:37:18.230Z] {"evt": "PACKET", "dir": "SEND", "type": "DISCONNECT", "mid": null}
[00:37:18.231Z] {"evt": "DISCONNECT", "rc": "Normal disconnection", "flags": "DisconnectFlags(is_disconnect_packet_from_server=False)"}
[00:37:18.731Z] {"evt": "SUMMARY", "qos": 2, "publicados": 6, "acks": 6, "conexiones": 17, "rtt_ms_avg": 605.9, "rtt_ms_min": 176.5, "rtt_ms_max": 1634.0, "mensajes_recibidos": 18, "tabla": [{"seq": 1, "bytes": 60, "t_pub": "00:36:14.660Z", "t_ack": "00:36:14.918Z", "rtt_ms": 257.1, "qos": 2, "gap_vs_cfg_s": null}, {"seq": 2, "bytes": 60, "t_pub": "00:36:24.789Z", "t_ack": "00:36:25.791Z", "rtt_ms": 1002.2, "qos": 2, "gap_vs_cfg_s": null}, {"seq": 3, "bytes": 60, "t_pub": "00:36:34.845Z", "t_ack": "00:36:36.479Z", "rtt_ms": 1634.0, "qos": 2, "gap_vs_cfg_s": null}, {"seq": 4, "bytes": 60, "t_pub": "00:36:44.859Z", "t_ack": "00:36:45.035Z", "rtt_ms": 176.5, "qos": 2, "gap_vs_cfg_s": null}, {"seq": 5, "bytes": 60, "t_pub": "00:36:54.901Z", "t_ack": "00:36:55.287Z", "rtt_ms": 386.4, "qos": 2, "gap_vs_cfg_s": null}, {"seq": 6, "bytes": 60, "t_pub": "00:37:04.928Z", "t_ack": "00:37:05.107Z", "rtt_ms": 179.2, "qos": 2, "gap_vs_cfg_s": null}]}
_ack": "00:36:45.944Z", "rtt_ms": 1033.3, "qos": 2, "gap_vs_cfg_s": null}]}
